<?xml version="1.0" encoding="UTF-8"?>
<testsuites name="jest tests" tests="6" failures="0" errors="0" time="0.405">
  <testsuite name="interpolate" errors="0" failures="0" skipped="0" timestamp="2023-07-19T22:39:54" time="0.289" tests="3">
    <testcase classname="interpolate" name="should populate snippet codes into a string" time="0.002">
    </testcase>
    <testcase classname="interpolate" name="should replace unmatched codes with an empty string" time="0.001">
    </testcase>
    <testcase classname="interpolate" name="should ignore unmatched codes" time="0">
    </testcase>
  </testsuite>
  <testsuite name="getStrAttrs" errors="0" failures="0" skipped="0" timestamp="2023-07-19T22:39:54" time="0.039" tests="1">
    <testcase classname="getStrAttrs" name="should return string attributes defined for a model" time="0">
    </testcase>
  </testsuite>
  <testsuite name="isApiRequest" errors="0" failures="0" skipped="0" timestamp="2023-07-19T22:39:54" time="0.031" tests="2">
    <testcase classname="isApiRequest" name="should return `true` if route info type is `content-api`" time="0">
    </testcase>
    <testcase classname="isApiRequest" name="should return `false` if route info type is not `content-api`" time="0">
    </testcase>
  </testsuite>
</testsuites>